// Jest Snapshot v1, https://goo.gl/fbAQLP

exports[`TestComponent renders TestComponent 1`] = `
<TestComponent>
  <div
    className="testComponent"
  >
    Hello
  </div>
</TestComponent>
`;
